
> money-erp-uae@0.0.0 build
> vite build

[36mvite v7.3.1 [32mbuilding client environment for production...[36m[39m
transforming...
[32mÔ£ô[39m 23 modules transformed.
node.exe : [31mÔ£ù[39m Build failed in 
261ms
At C:\Program Files\nodejs\npm.ps1:29 
char:3
+   & $NODE_EXE $NPM_CLI_JS $args
+   ~~~~~~~~~~~~~~~~~~~~~~~~~~~~~
    + CategoryInfo          : NotSpecifie 
   d: ([31mÔ£ù[39m Build failed in 261  
  ms:String) [], RemoteException
    + FullyQualifiedErrorId : NativeComma 
   ndError
 
[31merror during build:
[31m[vite:esbuild] Transform failed with 
1 error:
C:/Users/servi/Desktop/vs code/money-erp/m
oney-erp-uae/src/pages/DashboardPage.jsx:1
38:0: ERROR: Unexpected "}"[31m
file: [36mC:/Users/servi/Desktop/vs code/
money-erp/money-erp-uae/src/pages/Dashboar
dPage.jsx:138:0[31m
[33m
[33mUnexpected "}"[33m
136 |      );
137 |  }
138 |  }
    |  ^
139 |  
[31m
    at failureErrorWithLog 
(C:\Users\servi\Desktop\vs code\money-erp\
money-erp-uae\node_modules\esbuild\lib\mai
n.js:1467:15)
    at C:\Users\servi\Desktop\vs code\mone
y-erp\money-erp-uae\node_modules\esbuild\l
ib\main.js:736:50
    at responseCallbacks.<computed> 
(C:\Users\servi\Desktop\vs code\money-erp\
money-erp-uae\node_modules\esbuild\lib\mai
n.js:603:9)
    at handleIncomingPacket 
(C:\Users\servi\Desktop\vs code\money-erp\
money-erp-uae\node_modules\esbuild\lib\mai
n.js:658:12)
    at Socket.readFromStdout 
(C:\Users\servi\Desktop\vs code\money-erp\
money-erp-uae\node_modules\esbuild\lib\mai
n.js:581:7)
    at Socket.emit (node:events:518:28)
    at addChunk 
(node:internal/streams/readable:561:12)
    at readableAddChunkPushByteMode 
(node:internal/streams/readable:512:3)
    at Readable.push 
(node:internal/streams/readable:392:5)
    at Pipe.onStreamRead (node:internal/st
ream_base_commons:189:23)[39m
